// Jest Snapshot v1, https://goo.gl/fbAQLP

exports[`Header renders 1`] = `
<div>
  <div
    class="header"
  >
    Вопросы по автомобилям
  </div>
</div>
`;
